{"level":"info","message":"Server started","timestamp":"2025-05-01T06:53:39.426Z"}
{"level":"info","message":"Server started","timestamp":"2025-05-01T06:54:05.581Z"}
{"level":"info","message":"Server started","timestamp":"2025-05-01T06:54:06.812Z"}
{"level":"info","message":"Server started","timestamp":"2025-05-01T06:54:08.675Z"}
{"level":"info","message":"Server started","timestamp":"2025-05-01T06:54:10.466Z"}
{"level":"info","message":"Server runnin on port","timestamp":"2025-05-01T06:54:19.431Z"}
{"level":"info","message":"Server runnin on port","timestamp":"2025-05-01T06:54:21.153Z"}
{"level":"info","message":"Server runnin on port","timestamp":"2025-05-01T06:54:22.694Z"}
{"level":"info","message":"Server runnin on port","timestamp":"2025-05-01T06:54:27.021Z"}
{"level":"info","message":"Server runnin on port","timestamp":"2025-05-01T06:54:35.273Z"}
{"level":"info","message":"Server runnin on port","timestamp":"2025-05-01T06:54:40.929Z"}
{"level":"info","message":"Server runnin on port 2000","timestamp":"2025-05-01T06:55:02.912Z"}
{"level":"info","message":"Server runnin on port 2000","timestamp":"2025-05-01T06:57:07.770Z"}
{"level":"info","message":"Server runnin on port 2000","timestamp":"2025-05-01T07:02:34.465Z"}
{"level":"error","message":"Danggg: Database error","timestamp":"2025-05-01T07:04:35.009Z"}
{"level":"info","message":"Server running on port 2000","timestamp":"2025-05-01T07:04:35.010Z"}
{"level":"error","message":"Danggg! Database error","timestamp":"2025-05-01T07:05:11.907Z"}
{"level":"info","message":"Server running on port 2000","timestamp":"2025-05-01T07:05:11.908Z"}
{"level":"info","message":"Server running on port 2000","timestamp":"2025-05-01T07:05:27.899Z"}
{"level":"info","message":"Server running on port 2000","timestamp":"2025-05-01T07:05:30.254Z"}
{"level":"info","message":"Server running on port 2000","timestamp":"2025-05-01T07:05:43.266Z"}
{"level":"info","message":"Server running on port 2000","timestamp":"2025-05-01T07:05:44.772Z"}
{"level":"info","message":"Server running on port 2000","timestamp":"2025-05-01T07:05:47.078Z"}
{"level":"info","message":"Server running on port 2000","timestamp":"2025-05-01T07:05:57.399Z"}
{"level":"info","message":"Server running on port 2000","timestamp":"2025-05-01T07:05:59.918Z"}
{"level":"info","message":"Server running on port 2000","timestamp":"2025-05-01T07:06:02.440Z"}
{"level":"info","message":"Server running on port 2000","timestamp":"2025-05-01T07:06:12.165Z"}
{"level":"info","message":"Server running on port 2000","timestamp":"2025-05-01T07:06:19.362Z"}
{"level":"info","message":"Server running on port 2000","timestamp":"2025-05-01T07:06:21.677Z"}
{"level":"info","message":"Server running on port 2000","timestamp":"2025-05-01T07:08:31.305Z"}
{"level":"error","message":"Danggg: Super admin already exist","timestamp":"2025-05-01T07:09:17.352Z"}
{"level":"error","message":"Danggg: E11000 duplicate key error collection: e-navbat-n20.admins index: username_1 dup key: { username: \"Toshmat\" }","timestamp":"2025-05-01T07:09:17.403Z"}
{"level":"info","message":"Server running on port 2000","timestamp":"2025-05-01T08:25:54.625Z"}
{"level":"info","message":"Server running on port 5555","timestamp":"2025-05-02T05:40:42.316Z"}
{"level":"info","message":"Server running on port 5555","timestamp":"2025-05-02T05:41:25.993Z"}
{"level":"info","message":"Server running on port 5555","timestamp":"2025-05-02T05:42:24.166Z"}
{"level":"info","message":"Server running on port 5555","timestamp":"2025-05-02T05:42:32.192Z"}
{"level":"info","message":"Server running on port 5555","timestamp":"2025-05-02T05:42:34.817Z"}
{"level":"info","message":"Server running on port 5555","timestamp":"2025-05-02T06:03:42.887Z"}
{"level":"info","message":"Server running on port 5555","timestamp":"2025-05-02T06:03:57.077Z"}
{"level":"info","message":"Server running on port 5555","timestamp":"2025-05-02T06:04:20.939Z"}
{"level":"info","message":"Server running on port 5555","timestamp":"2025-05-02T06:04:34.322Z"}
{"level":"info","message":"Server running on port 5555","timestamp":"2025-05-02T06:04:39.087Z"}
{"level":"info","message":"Server running on port 5555","timestamp":"2025-05-02T06:04:43.184Z"}
{"level":"info","message":"Server running on port 5555","timestamp":"2025-05-02T06:04:45.155Z"}
{"level":"info","message":"Server running on port 5555","timestamp":"2025-05-02T06:04:47.215Z"}
{"level":"info","message":"Server running on port 5555","timestamp":"2025-05-02T06:05:35.134Z"}
{"level":"info","message":"Server running on port 5555","timestamp":"2025-05-02T06:05:37.321Z"}
{"level":"info","message":"Server running on port 5555","timestamp":"2025-05-02T06:05:38.485Z"}
{"level":"info","message":"Server running on port 5555","timestamp":"2025-05-02T06:05:44.144Z"}
{"level":"info","message":"Server running on port 5555","timestamp":"2025-05-02T06:05:46.689Z"}
{"level":"info","message":"Server running on port 5555","timestamp":"2025-05-02T06:05:50.907Z"}
{"level":"info","message":"Server running on port 5555","timestamp":"2025-05-02T06:06:41.132Z"}
{"level":"info","message":"Server running on port 5555","timestamp":"2025-05-02T06:06:47.416Z"}
{"level":"info","message":"Server running on port 5555","timestamp":"2025-05-02T06:58:32.881Z"}
{"level":"info","message":"Server running on port 5555","timestamp":"2025-05-02T06:58:34.932Z"}
{"level":"info","message":"Server running on port 5555","timestamp":"2025-05-02T07:09:06.279Z"}
{"level":"info","message":"Server running on port 5555","timestamp":"2025-05-02T07:09:07.774Z"}
{"level":"info","message":"Server running on port 5555","timestamp":"2025-05-02T07:09:24.912Z"}
{"level":"info","message":"Server running on port 5555","timestamp":"2025-05-02T07:10:15.539Z"}
{"level":"info","message":"Server running on port 5555","timestamp":"2025-05-02T07:10:21.811Z"}
{"level":"info","message":"Server running on port 5555","timestamp":"2025-05-02T07:10:25.661Z"}
{"level":"info","message":"Server running on port 5555","timestamp":"2025-05-02T07:11:50.559Z"}
{"level":"info","message":"Server running on port 5555","timestamp":"2025-05-02T07:12:34.633Z"}
{"level":"info","message":"Server running on port 5555","timestamp":"2025-05-02T07:12:40.843Z"}
{"level":"info","message":"Server running on port 5555","timestamp":"2025-05-02T07:12:45.976Z"}
{"level":"info","message":"Server running on port 5555","timestamp":"2025-05-02T07:14:14.363Z"}
{"level":"info","message":"Server running on port 5555","timestamp":"2025-05-02T07:16:12.745Z"}
{"level":"info","message":"Server running on port 5555","timestamp":"2025-05-02T07:18:06.421Z"}
{"level":"info","message":"Server running on port 5555","timestamp":"2025-05-05T05:34:54.543Z"}
{"level":"info","message":"Server running on port 5555","timestamp":"2025-05-05T05:35:16.009Z"}
{"level":"info","message":"Server running on port 5555","timestamp":"2025-05-05T06:01:38.648Z"}
{"level":"info","message":"Server running on port 5555","timestamp":"2025-05-05T06:01:45.637Z"}
{"level":"info","message":"Server running on port 5555","timestamp":"2025-05-05T06:01:55.409Z"}
{"level":"info","message":"Server running on port 5555","timestamp":"2025-05-05T06:02:14.517Z"}
{"level":"info","message":"Server running on port 5555","timestamp":"2025-05-05T06:02:22.045Z"}
{"level":"info","message":"Server running on port 5555","timestamp":"2025-05-05T06:02:44.241Z"}
{"level":"info","message":"Server running on port 5555","timestamp":"2025-05-05T06:10:48.860Z"}
{"level":"info","message":"Server running on port 5555","timestamp":"2025-05-05T06:11:42.744Z"}
{"level":"info","message":"Server running on port 5555","timestamp":"2025-05-05T06:12:29.073Z"}
{"level":"info","message":"Server running on port 5555","timestamp":"2025-05-05T06:12:33.748Z"}
{"level":"info","message":"Server running on port 5555","timestamp":"2025-05-05T06:12:34.895Z"}
{"level":"info","message":"Server running on port 5555","timestamp":"2025-05-05T06:12:53.332Z"}
{"level":"info","message":"Server running on port 5555","timestamp":"2025-05-05T06:12:55.600Z"}
{"level":"info","message":"Server running on port 5555","timestamp":"2025-05-05T06:12:59.060Z"}
{"level":"info","message":"Server running on port 5555","timestamp":"2025-05-05T06:13:14.812Z"}
{"level":"info","message":"Server running on port 5555","timestamp":"2025-05-05T06:13:17.002Z"}
{"level":"info","message":"Server running on port 5555","timestamp":"2025-05-05T06:13:41.961Z"}
